// Jest Snapshot v1, https://goo.gl/fbAQLP

exports[`<Button /> should toMatchSnapshot 1`] = `
<button>
  Kaydet
</button>
`;
