// Jest Snapshot v1, https://goo.gl/fbAQLP

exports[`<Header /> should toMatchSnapshot 1`] = `
<header
  class="header"
>
  <h3>
    UI Development Challenge
  </h3>
</header>
`;
